<testsuites name="jest tests" tests="4" failures="4" time="5.195">
  <testsuite name="undefined" errors="0" failures="4" skipped="0" timestamp="2023-03-25T10:01:35" time="5.195" tests="4">
    <testcase classname=" Initial articles render correctly" name=" Initial articles render correctly" time="0.052">
      <failure>Error: expect(received).toHaveLength(expected)

Expected length: 7
Received length: 1
Received array:  [&lt;tr data-testid=&quot;article&quot;&gt;&lt;td data-testid=&quot;article-title&quot;&gt;Article 1 title&lt;/td&gt;&lt;td data-testid=&quot;article-upvotes&quot;&gt;Article 1 title&lt;/td&gt;&lt;td data-testid=&quot;article-date&quot;&gt;Article 1 title&lt;/td&gt;&lt;/tr&gt;]
    at expectArticles (/projects/challenge/src/App.test.js:83:20)
    at Object.&lt;anonymous&gt;.test (/projects/challenge/src/App.test.js:97:3)
    at Object.asyncJestTest (/projects/challenge/node_modules/jest-jasmine2/build/jasmineAsyncInstall.js:102:37)
    at resolve (/projects/challenge/node_modules/jest-jasmine2/build/queueRunner.js:43:12)
    at new Promise (&lt;anonymous&gt;)
    at mapper (/projects/challenge/node_modules/jest-jasmine2/build/queueRunner.js:26:19)
    at promise.then (/projects/challenge/node_modules/jest-jasmine2/build/queueRunner.js:73:41)
    at &lt;anonymous&gt;</failure>
    </testcase>
    <testcase classname=" Clicking on top renders expected articles" name=" Clicking on top renders expected articles" time="0.01">
      <failure>Error: expect(received).toHaveLength(expected)

Expected length: 7
Received length: 1
Received array:  [&lt;tr data-testid=&quot;article&quot;&gt;&lt;td data-testid=&quot;article-title&quot;&gt;Article 1 title&lt;/td&gt;&lt;td data-testid=&quot;article-upvotes&quot;&gt;Article 1 title&lt;/td&gt;&lt;td data-testid=&quot;article-date&quot;&gt;Article 1 title&lt;/td&gt;&lt;/tr&gt;]
    at expectArticles (/projects/challenge/src/App.test.js:83:20)
    at Object.&lt;anonymous&gt;.test (/projects/challenge/src/App.test.js:107:3)
    at Object.asyncJestTest (/projects/challenge/node_modules/jest-jasmine2/build/jasmineAsyncInstall.js:102:37)
    at resolve (/projects/challenge/node_modules/jest-jasmine2/build/queueRunner.js:43:12)
    at new Promise (&lt;anonymous&gt;)
    at mapper (/projects/challenge/node_modules/jest-jasmine2/build/queueRunner.js:26:19)
    at promise.then (/projects/challenge/node_modules/jest-jasmine2/build/queueRunner.js:73:41)
    at &lt;anonymous&gt;</failure>
    </testcase>
    <testcase classname=" Clicking on newest renders expected articles" name=" Clicking on newest renders expected articles" time="0.007">
      <failure>Error: expect(received).toHaveLength(expected)

Expected length: 7
Received length: 1
Received array:  [&lt;tr data-testid=&quot;article&quot;&gt;&lt;td data-testid=&quot;article-title&quot;&gt;Article 1 title&lt;/td&gt;&lt;td data-testid=&quot;article-upvotes&quot;&gt;Article 1 title&lt;/td&gt;&lt;td data-testid=&quot;article-date&quot;&gt;Article 1 title&lt;/td&gt;&lt;/tr&gt;]
    at expectArticles (/projects/challenge/src/App.test.js:83:20)
    at Object.&lt;anonymous&gt;.test (/projects/challenge/src/App.test.js:117:3)
    at Object.asyncJestTest (/projects/challenge/node_modules/jest-jasmine2/build/jasmineAsyncInstall.js:102:37)
    at resolve (/projects/challenge/node_modules/jest-jasmine2/build/queueRunner.js:43:12)
    at new Promise (&lt;anonymous&gt;)
    at mapper (/projects/challenge/node_modules/jest-jasmine2/build/queueRunner.js:26:19)
    at promise.then (/projects/challenge/node_modules/jest-jasmine2/build/queueRunner.js:73:41)
    at &lt;anonymous&gt;</failure>
    </testcase>
    <testcase classname=" Sequence of navigation clicks renders expected artices" name=" Sequence of navigation clicks renders expected artices" time="0.006">
      <failure>Error: expect(received).toHaveLength(expected)

Expected length: 7
Received length: 1
Received array:  [&lt;tr data-testid=&quot;article&quot;&gt;&lt;td data-testid=&quot;article-title&quot;&gt;Article 1 title&lt;/td&gt;&lt;td data-testid=&quot;article-upvotes&quot;&gt;Article 1 title&lt;/td&gt;&lt;td data-testid=&quot;article-date&quot;&gt;Article 1 title&lt;/td&gt;&lt;/tr&gt;]
    at expectArticles (/projects/challenge/src/App.test.js:83:20)
    at Object.&lt;anonymous&gt;.test (/projects/challenge/src/App.test.js:132:5)
    at Object.asyncJestTest (/projects/challenge/node_modules/jest-jasmine2/build/jasmineAsyncInstall.js:102:37)
    at resolve (/projects/challenge/node_modules/jest-jasmine2/build/queueRunner.js:43:12)
    at new Promise (&lt;anonymous&gt;)
    at mapper (/projects/challenge/node_modules/jest-jasmine2/build/queueRunner.js:26:19)
    at promise.then (/projects/challenge/node_modules/jest-jasmine2/build/queueRunner.js:73:41)
    at &lt;anonymous&gt;</failure>
    </testcase>
  </testsuite>
</testsuites>